// Jest Snapshot v1, https://goo.gl/fbAQLP

exports[`aesthetic-adapter-jss/UnifiedAdapter handles @charset 1`] = `"@charset utf8;"`;

exports[`aesthetic-adapter-jss/UnifiedAdapter handles @fallbacks 1`] = `".fallback-0-7-1 {background: red;display: box;display: flex-box;display: flex;background: linear-gradient(...);}"`;

exports[`aesthetic-adapter-jss/UnifiedAdapter handles @font-face 1`] = `"@font-face {font-family: Roboto;font-style: normal;font-weight: normal;src: local('Robo'), url('fonts/Roboto.woff2') format('woff2'), url('fonts/Roboto.ttf') format('truetype');}.font-0-8-1 {font-size: 20px;font-family: Roboto;}"`;

exports[`aesthetic-adapter-jss/UnifiedAdapter handles @import 1`] = `"@import ./some/path.css;"`;

exports[`aesthetic-adapter-jss/UnifiedAdapter handles @keyframes 1`] = `"@keyframes fade {from {opacity: 0;}to {opacity: 1;}}.animation-0-10-1 {animation-name: fade;animation-duration: 3s, 1200ms;animation-iteration-count: infinite;}"`;

exports[`aesthetic-adapter-jss/UnifiedAdapter handles @media 1`] = `".media-0-11-1 {color: red;}@media (min-width: 300px) {.media-0-11-1 {color: blue;}}@media (max-width: 1000px) {.media-0-11-1 {color: green;}}"`;

exports[`aesthetic-adapter-jss/UnifiedAdapter handles @namespace 1`] = `"@namespace url(http://www.w3.org/1999/xhtml);"`;

exports[`aesthetic-adapter-jss/UnifiedAdapter handles @supports 1`] = `".sup-0-14-1 {display: block;}@supports (display: flex) {.sup-0-14-1 {display: flex;}}@supports not (display: flex) {.sup-0-14-1 {float: left;}}"`;

exports[`aesthetic-adapter-jss/UnifiedAdapter handles @viewport 1`] = `"@viewport {width: device-width;orientation: landscape;}"`;

exports[`aesthetic-adapter-jss/UnifiedAdapter handles attribute selectors 1`] = `".attr-0-17-1 {display: block;}.attr-0-17-1[disabled] {opacity: 0.5;}"`;

exports[`aesthetic-adapter-jss/UnifiedAdapter handles descendant selectors 1`] = `".list-0-16-1 {margin: 0;padding: 0;}.list-0-16-1> li {list-style: bullet;}"`;

exports[`aesthetic-adapter-jss/UnifiedAdapter handles globals 1`] = `"body {margin: 0;}html {height: 100%;}a {color: red;}a:hover {color: darkred;}"`;

exports[`aesthetic-adapter-jss/UnifiedAdapter handles mixed @font-face 1`] = `"@font-face {font-family: Roboto;font-style: normal;font-weight: normal;src: local('Robo'), url('fonts/Roboto.woff2') format('woff2'), url('fonts/Roboto.ttf') format('truetype');}@font-face {font-family: Circular;font-style: normal;font-weight: normal;src: url('fonts/Circular.woff2') format('woff2');}@font-face {font-family: Circular;font-style: italic;font-weight: normal;src: url('fonts/Circular-Italic.woff2') format('woff2');}@font-face {font-family: Circular;font-style: normal;font-weight: 300;src: url('fonts/Circular-Light.woff2') format('woff2');}@font-face {font-family: Circular;font-style: normal;font-weight: 700;src: url('fonts/Circular-Bold.woff2') format('woff2');}"`;

exports[`aesthetic-adapter-jss/UnifiedAdapter handles multiple @font-face 1`] = `"@font-face {font-family: Circular;font-style: normal;font-weight: normal;src: url('fonts/Circular.woff2') format('woff2');}@font-face {font-family: Circular;font-style: italic;font-weight: normal;src: url('fonts/Circular-Italic.woff2') format('woff2');}@font-face {font-family: Circular;font-style: normal;font-weight: 300;src: url('fonts/Circular-Light.woff2') format('woff2');}@font-face {font-family: Circular;font-style: normal;font-weight: 700;src: url('fonts/Circular-Bold.woff2') format('woff2');}.font-0-19-1 {font-size: 20px;font-family: Circular;}"`;

exports[`aesthetic-adapter-jss/UnifiedAdapter handles multiple @import 1`] = `"@import ./some/path.css;@import ./another/path.css;"`;

exports[`aesthetic-adapter-jss/UnifiedAdapter handles multiple selectors (comma separated) 1`] = `".multi-0-18-1 {cursor: pointer;}.multi-0-18-1:disabled {cursor: default;}.multi-0-18-1[disabled] {cursor: default;}.multi-0-18-1> span {cursor: default;}"`;

exports[`aesthetic-adapter-jss/UnifiedAdapter handles properties 1`] = `".props-0-4-1 {color: black;margin: 10px;display: inline;}"`;

exports[`aesthetic-adapter-jss/UnifiedAdapter handles pseudo selectors 1`] = `".pseudo-0-5-1 {position: fixed;}.pseudo-0-5-1:hover {position: static;}.pseudo-0-5-1::before {position: absolute;}"`;
