// Jest Snapshot v1, https://goo.gl/fbAQLP

exports[`withStyles() can set extended components as non-extendable 1`] = `"BaseComponent is not extendable."`;
