// Jest Snapshot v1, https://goo.gl/fbAQLP

exports[`aesthetic-adapter-aphrodite/NativeAdapter handles animations 1`] = `"@keyframes keyframe_18jn58a{from{opacity:0;}to{opacity:1;}}.animation_mab5hn{-webkit-animation-duration:3s, 1200ms !important;animation-duration:3s, 1200ms !important;-webkit-animation-iteration-count:infinite !important;animation-iteration-count:infinite !important;-webkit-animation-name:keyframe_18jn58a !important;animation-name:keyframe_18jn58a !important;}"`;

exports[`aesthetic-adapter-aphrodite/NativeAdapter handles font faces 1`] = `"@font-face{font-family:Roboto;font-style:normal;font-weight:normal;src:local('Robo'), url('fonts/Roboto.woff2') format('woff2'), url('fonts/Roboto.ttf') format('truetype');}.font_uk6a9p{font-family:\\"Roboto\\" !important;font-size:20px !important;}"`;

exports[`aesthetic-adapter-aphrodite/NativeAdapter handles globals 1`] = `"body{margin:0px !important;}html{height:100% !important;}a{color:red !important;}a:hover{color:darkred !important;}"`;

exports[`aesthetic-adapter-aphrodite/NativeAdapter handles media queries 1`] = `".media_1yqe7pa{color:red !important;}@media (min-width: 300px){.media_1yqe7pa{color:blue !important;}}@media (max-width: 1000px){.media_1yqe7pa{color:green !important;}}"`;

exports[`aesthetic-adapter-aphrodite/NativeAdapter handles pseudos 1`] = `".pseudo_q2zd6k{position:fixed !important;}.pseudo_q2zd6k:hover{position:static !important;}.pseudo_q2zd6k::before{position:absolute !important;}"`;
