// Jest Snapshot v1, https://goo.gl/fbAQLP

exports[`aesthetic-adapter-aphrodite/UnifiedAdapter handles @font-face 1`] = `"@font-face{font-family:Roboto;font-style:normal;font-weight:normal;src:local('Robo'), url('fonts/Roboto.woff2') format('woff2'), url('fonts/Roboto.ttf') format('truetype');}.font_uk6a9p{font-family:\\"Roboto\\" !important;font-size:20px !important;}"`;

exports[`aesthetic-adapter-aphrodite/UnifiedAdapter handles @keyframes 1`] = `"@keyframes keyframe_w18mkj{from{opacity:0;}to{opacity:1;}}.animation_1s7muh9{-webkit-animation-name:keyframe_w18mkj !important;animation-name:keyframe_w18mkj !important;-webkit-animation-duration:3s, 1200ms !important;animation-duration:3s, 1200ms !important;-webkit-animation-iteration-count:infinite !important;animation-iteration-count:infinite !important;}"`;

exports[`aesthetic-adapter-aphrodite/UnifiedAdapter handles @media 1`] = `".media_1yqe7pa{color:red !important;}@media (min-width: 300px){.media_1yqe7pa{color:blue !important;}}@media (max-width: 1000px){.media_1yqe7pa{color:green !important;}}"`;

exports[`aesthetic-adapter-aphrodite/UnifiedAdapter handles attribute selectors 1`] = `".attr_424cv8{display:block !important;}.attr_424cv8[disabled]{opacity:0.5 !important;}"`;

exports[`aesthetic-adapter-aphrodite/UnifiedAdapter handles descendant selectors 1`] = `".list_1lo5lhe{margin:0px !important;padding:0px !important;}.list_1lo5lhe> li{list-style:bullet !important;}"`;

exports[`aesthetic-adapter-aphrodite/UnifiedAdapter handles globals 1`] = `"body{margin:0px !important;}html{height:100% !important;}a{color:red !important;}a:hover{color:darkred !important;}"`;

exports[`aesthetic-adapter-aphrodite/UnifiedAdapter handles mixed @font-face 1`] = `"@font-face{font-family:Roboto;font-style:normal;font-weight:normal;src:local('Robo'), url('fonts/Roboto.woff2') format('woff2'), url('fonts/Roboto.ttf') format('truetype');}@font-face{font-family:Circular;font-style:normal;font-weight:normal;src:url('fonts/Circular.woff2') format('woff2');}@font-face{font-family:Circular;font-style:italic;font-weight:normal;src:url('fonts/Circular-Italic.woff2') format('woff2');}@font-face{font-family:Circular;font-style:normal;font-weight:300;src:url('fonts/Circular-Light.woff2') format('woff2');}@font-face{font-family:Circular;font-style:normal;font-weight:700;src:url('fonts/Circular-Bold.woff2') format('woff2');}.font_n41ews{font-family:\\"Roboto\\",\\"Circular\\",\\"Circular\\",\\"Circular\\",\\"Circular\\" !important;font-size:20px !important;}"`;

exports[`aesthetic-adapter-aphrodite/UnifiedAdapter handles multiple @font-face 1`] = `"@font-face{font-family:Circular;font-style:normal;font-weight:normal;src:url('fonts/Circular.woff2') format('woff2');}@font-face{font-family:Circular;font-style:italic;font-weight:normal;src:url('fonts/Circular-Italic.woff2') format('woff2');}@font-face{font-family:Circular;font-style:normal;font-weight:300;src:url('fonts/Circular-Light.woff2') format('woff2');}@font-face{font-family:Circular;font-style:normal;font-weight:700;src:url('fonts/Circular-Bold.woff2') format('woff2');}.font_f7iz6d{font-family:\\"Circular\\",\\"Circular\\",\\"Circular\\",\\"Circular\\" !important;font-size:20px !important;}"`;

exports[`aesthetic-adapter-aphrodite/UnifiedAdapter handles multiple selectors (comma separated) 1`] = `".multi_1xnvdcd{cursor:pointer !important;}.multi_1xnvdcd:disabled{cursor:default !important;}.multi_1xnvdcd[disabled]{cursor:default !important;}.multi_1xnvdcd> span{cursor:default !important;}"`;

exports[`aesthetic-adapter-aphrodite/UnifiedAdapter handles properties 1`] = `".props_1pbzc6n{color:black !important;display:inline !important;margin:10px !important;}"`;

exports[`aesthetic-adapter-aphrodite/UnifiedAdapter handles pseudo selectors 1`] = `".pseudo_q2zd6k{position:fixed !important;}.pseudo_q2zd6k:hover{position:static !important;}.pseudo_q2zd6k::before{position:absolute !important;}"`;
