// Jest Snapshot v1, https://goo.gl/fbAQLP

exports[`aesthetic-adapter-fela/NativeAdapter can transform dynamic styles 1`] = `".a{width:10px}.b{height:10px}"`;

exports[`aesthetic-adapter-fela/NativeAdapter handles animations 1`] = `"@-webkit-keyframes k1{from{opacity:0}to{opacity:1}}@-moz-keyframes k1{from{opacity:0}to{opacity:1}}@keyframes k1{from{opacity:0}to{opacity:1}}.a{-webkit-animation-name:k1;animation-name:k1}.b{-webkit-animation-duration:3s, 1200ms;animation-duration:3s, 1200ms}.c{-webkit-animation-iteration-count:infinite;animation-iteration-count:infinite}"`;

exports[`aesthetic-adapter-fela/NativeAdapter handles attribute selectors 1`] = `".a{display:block}.b[disabled]{opacity:0.5}"`;

exports[`aesthetic-adapter-fela/NativeAdapter handles descendant selectors 1`] = `".a{margin:0px}.b{padding:0px}.c> li{list-style:bullet}"`;

exports[`aesthetic-adapter-fela/NativeAdapter handles fallbacks 1`] = `".a{background:red;background:-webkit-linear-gradient(...);background:-moz-linear-gradient(...);background:linear-gradient(...)}.b{display:box;display:flex-box;display:-webkit-box;display:-moz-box;display:-ms-flexbox;display:-webkit-flex;display:flex}"`;

exports[`aesthetic-adapter-fela/NativeAdapter handles font faces 1`] = `"@font-face{font-family:\\"Roboto\\";font-style:normal;font-weight:normal;src:url('fonts/roboto.woff2') format('woff2')}.a{font-family:Roboto}.b{font-size:20px}"`;

exports[`aesthetic-adapter-fela/NativeAdapter handles media queries 1`] = `".a{color:red}@media (min-width: 300px){.b{color:blue}}@media (max-width: 1000px){.c{color:green}}"`;

exports[`aesthetic-adapter-fela/NativeAdapter handles multiple font faces 1`] = `"@font-face{font-family:\\"Circular\\";font-style:normal;font-weight:normal;src:url('fonts/Circular.woff2') format('woff2')}@font-face{font-family:\\"Circular\\";font-style:italic;font-weight:normal;src:url('fonts/Circular-Italic.woff2') format('woff2')}@font-face{font-family:\\"Circular\\";font-style:normal;font-weight:300;src:url('fonts/Circular-Light.woff2') format('woff2')}@font-face{font-family:\\"Circular\\";font-style:normal;font-weight:700;src:url('fonts/Circular-Bold.woff2') format('woff2')}.a{font-family:Circular}.b{font-size:20px}"`;

exports[`aesthetic-adapter-fela/NativeAdapter handles pseudo selectors 1`] = `".a{position:fixed}.b::before{position:absolute}.c:hover{position:static}"`;

exports[`aesthetic-adapter-fela/NativeAdapter handles supports 1`] = `".a{display:block}@supports (display: flex){.b{display:-webkit-box;display:-moz-box;display:-ms-flexbox;display:-webkit-flex;display:flex}}@supports not (display: flex){.c{float:left}}"`;
