// Jest Snapshot v1, https://goo.gl/fbAQLP

exports[`aesthetic-adapter-fela/UnifiedAdapter handles @fallbacks 1`] = `".a{background:-webkit-linear-gradient(...);background:-moz-linear-gradient(...);background:linear-gradient(...);background:red}.b{display:-webkit-box;display:-moz-box;display:-ms-flexbox;display:-webkit-flex;display:flex;display:box;display:flex-box}"`;

exports[`aesthetic-adapter-fela/UnifiedAdapter handles @font-face 1`] = `"@font-face{font-family:\\"Roboto\\";font-style:normal;font-weight:normal;src: local('Robo'), url('fonts/Roboto.woff2') format('woff2'),url('fonts/Roboto.ttf') format('truetype')}.a{font-family:Roboto}.b{font-size:20px}"`;

exports[`aesthetic-adapter-fela/UnifiedAdapter handles @keyframes 1`] = `"@-webkit-keyframes k1{from{opacity:0}to{opacity:1}}@-moz-keyframes k1{from{opacity:0}to{opacity:1}}@keyframes k1{from{opacity:0}to{opacity:1}}.a{animation-name:k1;-webkit-animation-name:k1}.b{animation-duration:3s, 1200ms;-webkit-animation-duration:3s, 1200ms}.c{animation-iteration-count:infinite;-webkit-animation-iteration-count:infinite}"`;

exports[`aesthetic-adapter-fela/UnifiedAdapter handles @media 1`] = `".a{color:red}@media (min-width: 300px){.b{color:blue}}@media (max-width: 1000px){.c{color:green}}"`;

exports[`aesthetic-adapter-fela/UnifiedAdapter handles @supports 1`] = `".a{display:block}@supports (display: flex){.b{display:-webkit-box;display:-moz-box;display:-ms-flexbox;display:-webkit-flex;display:flex}}@supports not (display: flex){.c{float:left}}"`;

exports[`aesthetic-adapter-fela/UnifiedAdapter handles descendant selectors 1`] = `".a{margin:0px}.b{padding:0px}.c> li{list-style:bullet}"`;

exports[`aesthetic-adapter-fela/UnifiedAdapter handles globals 1`] = `"body{margin:0px}html{height:100%}a{color:red}"`;

exports[`aesthetic-adapter-fela/UnifiedAdapter handles properties 1`] = `".a{color:black}.b{display:inline}.c{margin:10px}"`;

exports[`aesthetic-adapter-fela/UnifiedAdapter handles pseudo selectors 1`] = `".a{position:fixed}.b::before{position:absolute}.c:hover{position:static}"`;
