// Jest Snapshot v1, https://goo.gl/fbAQLP

exports[`SSR renderToStaticMarkup() renders markup 1`] = `"<main><div>You are not logged in!</div><button type=\\"button\\" class=\\"p q r s t u v w x y z a1 b1 c1 d1 e1 f1 g1 h1 i1 j1 k1 l1 m1 n1 o1 p1 f g h i j\\">Login</button><button type=\\"button\\" class=\\"p q r s t u v w x y z a1 b1 c1 d1 e1 f1 g1 h1 i1 j1 k1 l1 m1 n1 o1 p1 f g h i j\\">Register</button></main>"`;

exports[`SSR renderToStaticMarkup() renders markup 2`] = `"<style id=\\"aesthetic-global\\" type=\\"text/css\\" media=\\"screen\\" data-aesthetic-type=\\"global\\" data-aesthetic-hydrate-index=\\"-1\\" data-aesthetic-rule-index=\\"51\\"></style><style id=\\"aesthetic-standard\\" type=\\"text/css\\" media=\\"screen\\" data-aesthetic-type=\\"standard\\" data-aesthetic-hydrate-index=\\"51\\" data-aesthetic-rule-index=\\"51\\">.a { min-width:7.50rem; }.b { padding-top:var(--spacing-sm); }.c { padding-bottom:var(--spacing-sm); }.d { padding-left:var(--spacing-df); }.e { padding-right:var(--spacing-df); }.f { min-width:10rem; }.g { padding-top:var(--spacing-df); }.h { padding-bottom:var(--spacing-df); }.i { padding-left:var(--spacing-md); }.j { padding-right:var(--spacing-md); }.k { min-width:12.50rem; }.l { padding-top:var(--spacing-md); }.m { padding-bottom:var(--spacing-md); }.n { padding-left:var(--spacing-lg); }.o { padding-right:var(--spacing-lg); }.p { appearance:none; }.q { background-color:var(--palette-brand-color-40); }.r { border:0; }.s { cursor:pointer; }.t { display:inline-flex; }.u { font-size:inherit; }.v { margin:0; }.w { padding:0; }.x { text-decoration:none; }.y { user-select:auto; }.z { vertical-align:middle; }.a1 { border-color:var(--palette-neutral-color-30); }.b1 { border-radius:var(--border-df-radius); }.c1 { border-style:solid; }.d1 { border-width:var(--border-df-width); }.e1 { position:relative; }.f1 { text-align:center; }.g1 { color:var(--palette-neutral-color-00); }.h1::-moz-focus-inner { border:0; }.i1::-moz-focus-inner { padding:0; }.j1::-moz-focus-inner { margin:0; }.k1:focus { border-color:var(--palette-primary-bg-focused); }.l1:hover { border-color:var(--palette-primary-bg-hovered); }.m1:hover { background-color:var(--palette-brand-color-50); }.n1:active { border-color:var(--palette-primary-bg-selected); }.o1:active { background-color:var(--palette-brand-color-60); }.p1[disabled] { border-color:var(--palette-primary-bg-disabled); }.q1 { overflow-wrap:normal; }.r1 { word-wrap:normal; }.s1 { word-break:normal; }.t1 { display:block; }.u1 { width:100%; }.v1 { white-space:normal; }.w1 { overflow:hidden; }.x1 { opacity:0.4; }.y1 { opacity:0.5; }.z1 { opacity:0.6; }</style><style id=\\"aesthetic-conditions\\" type=\\"text/css\\" media=\\"screen\\" data-aesthetic-type=\\"conditions\\" data-aesthetic-hydrate-index=\\"-1\\" data-aesthetic-rule-index=\\"51\\"></style>"`;

exports[`SSR renderToString() renders markup 1`] = `"<main><div>You are not logged in!</div><button type=\\"button\\" class=\\"p q r s t u v w x y z a1 b1 c1 d1 e1 f1 g1 h1 i1 j1 k1 l1 m1 n1 o1 p1 f g h i j\\">Login</button><button type=\\"button\\" class=\\"p q r s t u v w x y z a1 b1 c1 d1 e1 f1 g1 h1 i1 j1 k1 l1 m1 n1 o1 p1 f g h i j\\">Register</button></main>"`;

exports[`SSR renderToString() renders markup 2`] = `"<style id=\\"aesthetic-global\\" type=\\"text/css\\" media=\\"screen\\" data-aesthetic-type=\\"global\\" data-aesthetic-hydrate-index=\\"-1\\" data-aesthetic-rule-index=\\"51\\"></style><style id=\\"aesthetic-standard\\" type=\\"text/css\\" media=\\"screen\\" data-aesthetic-type=\\"standard\\" data-aesthetic-hydrate-index=\\"51\\" data-aesthetic-rule-index=\\"51\\">.a { min-width:7.50rem; }.b { padding-top:var(--spacing-sm); }.c { padding-bottom:var(--spacing-sm); }.d { padding-left:var(--spacing-df); }.e { padding-right:var(--spacing-df); }.f { min-width:10rem; }.g { padding-top:var(--spacing-df); }.h { padding-bottom:var(--spacing-df); }.i { padding-left:var(--spacing-md); }.j { padding-right:var(--spacing-md); }.k { min-width:12.50rem; }.l { padding-top:var(--spacing-md); }.m { padding-bottom:var(--spacing-md); }.n { padding-left:var(--spacing-lg); }.o { padding-right:var(--spacing-lg); }.p { appearance:none; }.q { background-color:var(--palette-brand-color-40); }.r { border:0; }.s { cursor:pointer; }.t { display:inline-flex; }.u { font-size:inherit; }.v { margin:0; }.w { padding:0; }.x { text-decoration:none; }.y { user-select:auto; }.z { vertical-align:middle; }.a1 { border-color:var(--palette-neutral-color-30); }.b1 { border-radius:var(--border-df-radius); }.c1 { border-style:solid; }.d1 { border-width:var(--border-df-width); }.e1 { position:relative; }.f1 { text-align:center; }.g1 { color:var(--palette-neutral-color-00); }.h1::-moz-focus-inner { border:0; }.i1::-moz-focus-inner { padding:0; }.j1::-moz-focus-inner { margin:0; }.k1:focus { border-color:var(--palette-primary-bg-focused); }.l1:hover { border-color:var(--palette-primary-bg-hovered); }.m1:hover { background-color:var(--palette-brand-color-50); }.n1:active { border-color:var(--palette-primary-bg-selected); }.o1:active { background-color:var(--palette-brand-color-60); }.p1[disabled] { border-color:var(--palette-primary-bg-disabled); }.q1 { overflow-wrap:normal; }.r1 { word-wrap:normal; }.s1 { word-break:normal; }.t1 { display:block; }.u1 { width:100%; }.v1 { white-space:normal; }.w1 { overflow:hidden; }.x1 { opacity:0.4; }.y1 { opacity:0.5; }.z1 { opacity:0.6; }</style><style id=\\"aesthetic-conditions\\" type=\\"text/css\\" media=\\"screen\\" data-aesthetic-type=\\"conditions\\" data-aesthetic-hydrate-index=\\"-1\\" data-aesthetic-rule-index=\\"51\\"></style>"`;
