// Jest Snapshot v1, https://goo.gl/fbAQLP

exports[`withStyles() renders a button and its base styles 1`] = `".a {appearance: none;}.b {background-color: var(--palette-brand-color-40);}.c {border: 0;}.d {cursor: pointer;}.e {display: inline-flex;}.f {font-size: inherit;}.g {margin: 0;}.h {padding: var(--spacing-df) var(--spacing-md);}.i {text-decoration: none;}.j {user-select: auto;}.k {vertical-align: middle;}.l {border-color: var(--palette-neutral-color-30);}.m {border-radius: var(--border-df-radius);}.n {border-style: solid;}.o {border-width: var(--border-df-width);}.p {position: relative;}.q {text-align: center;}.r {color: var(--palette-neutral-color-00);}.s {min-width: 10rem;}.t::-moz-focus-inner {border: 0;}.u::-moz-focus-inner {padding: 0;}.v::-moz-focus-inner {margin: 0;}.w:focus {border-color: var(--palette-primary-bg-focused);}.x:hover {border-color: var(--palette-primary-bg-hovered);}.y:hover {background-color: var(--palette-brand-color-50);}.z:active {border-color: var(--palette-primary-bg-selected);}.a1:active {background-color: var(--palette-brand-color-60);}.b1[disabled] {border-color: var(--palette-primary-bg-disabled);}.c1 {overflow-wrap: normal;}.d1 {word-wrap: normal;}.e1 {word-break: normal;}.f1 {display: block;}.g1 {width: 100%;}.h1 {white-space: normal;}.i1 {overflow: hidden;}.j1 {min-width: 7.50rem;}.k1 {padding: var(--spacing-sm) var(--spacing-df);}.l1 {min-width: 12.50rem;}.m1 {padding: var(--spacing-md) var(--spacing-lg);}.n1 {opacity: 0.5;}.a {appearance: none;}.b {background-color: var(--palette-brand-color-40);}.c {border: 0;}.d {cursor: pointer;}.e {display: inline-flex;}.f {font-size: inherit;}.g {margin: 0;}.h {padding: var(--spacing-df) var(--spacing-md);}.i {text-decoration: none;}.j {user-select: auto;}.k {vertical-align: middle;}.l {border-color: var(--palette-neutral-color-30);}.m {border-radius: var(--border-df-radius);}.n {border-style: solid;}.o {border-width: var(--border-df-width);}.p {position: relative;}.q {text-align: center;}.r {color: var(--palette-neutral-color-00);}.s {min-width: 10rem;}.t::-moz-focus-inner {border: 0;}.u::-moz-focus-inner {padding: 0;}.v::-moz-focus-inner {margin: 0;}.w:focus {border-color: var(--palette-primary-bg-focused);}.x:hover {border-color: var(--palette-primary-bg-hovered);}.y:hover {background-color: var(--palette-brand-color-50);}.z:active {border-color: var(--palette-primary-bg-selected);}.a1:active {background-color: var(--palette-brand-color-60);}.b1[disabled] {border-color: var(--palette-primary-bg-disabled);}.c1 {overflow-wrap: normal;}.d1 {word-wrap: normal;}.e1 {word-break: normal;}.f1 {display: block;}.g1 {width: 100%;}.h1 {white-space: normal;}.i1 {overflow: hidden;}.j1 {min-width: 7.50rem;}.k1 {padding: var(--spacing-sm) var(--spacing-df);}.l1 {min-width: 12.50rem;}.m1 {padding: var(--spacing-md) var(--spacing-lg);}.n1 {opacity: 0.5;}"`;
