// Jest Snapshot v1, https://goo.gl/fbAQLP

exports[`Format native-jsx compiles and writes files 1`] = `
"/* Auto-generated by Aesthetic. Do not modify! */
/* eslint-disable */

import { Design } from '@aesthetic/system';
import { Platform } from 'react-native';

const systemFont = Platform.OS === 'ios' ? 'SF Pro' : 'sans-serif';

const monospaceFont = Platform.OS === 'ios' ? 'Menlo-Regular' : 'monospace';

export default new Design('test', {
  border: {
    sm: {
      radius: 2, // 2px
      width: 0.5, // 0.50px
    },
    df: {
      radius: 3, // 3px
      width: 1, // 1px
    },
    lg: {
      radius: 4.5, // 4.50px
      width: 2, // 2px
    },
  },
  breakpoint: {
    xs: {
      query: '',
      querySize: 640,
      rootLineHeight: 1.33,
      rootTextSize: 14.94,
    },
    sm: {
      query: '',
      querySize: 960,
      rootLineHeight: 1.42,
      rootTextSize: 15.94,
    },
    md: {
      query: '',
      querySize: 1280,
      rootLineHeight: 1.52,
      rootTextSize: 17.01,
    },
    lg: {
      query: '',
      querySize: 1600,
      rootLineHeight: 1.62,
      rootTextSize: 18.15,
    },
    xl: {
      query: '',
      querySize: 1920,
      rootLineHeight: 1.73,
      rootTextSize: 19.36,
    },
  },
  heading: {
    l1: {
      letterSpacing: 0.25,
      lineHeight: 1.5,
      size: 16, // 16px
    },
    l2: {
      letterSpacing: 0.33,
      lineHeight: 1.69,
      size: 20, // 20px
    },
    l3: {
      letterSpacing: 0.44,
      lineHeight: 1.9,
      size: 25, // 25px
    },
    l4: {
      letterSpacing: 0.59,
      lineHeight: 2.14,
      size: 31.25, // 31.25px
    },
    l5: {
      letterSpacing: 0.79,
      lineHeight: 2.4,
      size: 39.06, // 39.06px
    },
    l6: {
      letterSpacing: 1.05,
      lineHeight: 2.7,
      size: 48.83, // 48.83px
    },
  },
  shadow: {
    xs: {
      x: 0, // 0px
      y: 2, // 2px
      blur: 2, // 2px
      spread: 0, // 0px
    },
    sm: {
      x: 0, // 0px
      y: 3.24, // 3.24px
      blur: 3.5, // 3.50px
      spread: 0, // 0px
    },
    md: {
      x: 0, // 0px
      y: 5.24, // 5.24px
      blur: 6.13, // 6.13px
      spread: 0, // 0px
    },
    lg: {
      x: 0, // 0px
      y: 8.47, // 8.47px
      blur: 10.72, // 10.72px
      spread: 0, // 0px
    },
    xl: {
      x: 0, // 0px
      y: 13.71, // 13.71px
      blur: 18.76, // 18.76px
      spread: 0, // 0px
    },
  },
  spacing: {
    xs: 4.38, // 4.38px
    sm: 8.75, // 8.75px
    df: 17.5, // 17.50px
    md: 35, // 35px
    lg: 52.5, // 52.50px
    xl: 70, // 70px
    type: 'vertical-rhythm',
    unit: 17.5,
  },
  text: {
    sm: {
      lineHeight: 1.25,
      size: 12.44, // 12.44px
    },
    df: {
      lineHeight: 1.25,
      size: 14, // 14px
    },
    lg: {
      lineHeight: 1.25,
      size: 15.75, // 15.75px
    },
  },
  typography: {
    font: {
      heading: '' || systemFont,
      locale: {},
      monospace: '' || monospaceFont,
      text: '' || systemFont,
      system: '' || systemFont,
    },
    rootLineHeight: 1.25,
    rootTextSize: 14,
  },
});
"
`;

exports[`Format native-jsx compiles and writes files 2`] = `
"/* Auto-generated by Aesthetic. Do not modify! */
/* eslint-disable */

import design from '..';

export default design.createTheme(
  {
    contrast: 'normal',
    scheme: 'light',
  },
  {
    palette: {
      brand: {
        color: {
          '00': '#000',
          10: '#000',
          20: '#000',
          30: '#000',
          40: '#000',
          50: '#000',
          60: '#000',
          70: '#000',
          80: '#000',
          90: '#000',
        },
        bg: {
          base: '#000',
          focused: '#000',
          hovered: '#000',
          selected: '#000',
          disabled: '#000',
        },
        fg: {
          base: '#000',
          focused: '#000',
          hovered: '#000',
          selected: '#000',
          disabled: '#000',
        },
        text: '#000',
      },
      primary: {
        color: {
          '00': '#000',
          10: '#000',
          20: '#000',
          30: '#000',
          40: '#000',
          50: '#000',
          60: '#000',
          70: '#000',
          80: '#000',
          90: '#000',
        },
        bg: {
          base: '#000',
          focused: '#000',
          hovered: '#000',
          selected: '#000',
          disabled: '#000',
        },
        fg: {
          base: '#000',
          focused: '#000',
          hovered: '#000',
          selected: '#000',
          disabled: '#000',
        },
        text: '#000',
      },
      secondary: {
        color: {
          '00': '#000',
          10: '#000',
          20: '#000',
          30: '#000',
          40: '#000',
          50: '#000',
          60: '#000',
          70: '#000',
          80: '#000',
          90: '#000',
        },
        bg: {
          base: '#000',
          focused: '#000',
          hovered: '#000',
          selected: '#000',
          disabled: '#000',
        },
        fg: {
          base: '#000',
          focused: '#000',
          hovered: '#000',
          selected: '#000',
          disabled: '#000',
        },
        text: '#000',
      },
      tertiary: {
        color: {
          '00': '#000',
          10: '#000',
          20: '#000',
          30: '#000',
          40: '#000',
          50: '#000',
          60: '#000',
          70: '#000',
          80: '#000',
          90: '#000',
        },
        bg: {
          base: '#000',
          focused: '#000',
          hovered: '#000',
          selected: '#000',
          disabled: '#000',
        },
        fg: {
          base: '#000',
          focused: '#000',
          hovered: '#000',
          selected: '#000',
          disabled: '#000',
        },
        text: '#000',
      },
      neutral: {
        color: {
          '00': '#000',
          10: '#000',
          20: '#000',
          30: '#000',
          40: '#000',
          50: '#000',
          60: '#000',
          70: '#000',
          80: '#000',
          90: '#000',
        },
        bg: {
          base: '#000',
          focused: '#000',
          hovered: '#000',
          selected: '#000',
          disabled: '#000',
        },
        fg: {
          base: '#000',
          focused: '#000',
          hovered: '#000',
          selected: '#000',
          disabled: '#000',
        },
        text: '#000',
      },
      muted: {
        color: {
          '00': '#000',
          10: '#000',
          20: '#000',
          30: '#000',
          40: '#000',
          50: '#000',
          60: '#000',
          70: '#000',
          80: '#000',
          90: '#000',
        },
        bg: {
          base: '#000',
          focused: '#000',
          hovered: '#000',
          selected: '#000',
          disabled: '#000',
        },
        fg: {
          base: '#000',
          focused: '#000',
          hovered: '#000',
          selected: '#000',
          disabled: '#000',
        },
        text: '#000',
      },
      danger: {
        color: {
          '00': '#000',
          10: '#000',
          20: '#000',
          30: '#000',
          40: '#000',
          50: '#000',
          60: '#000',
          70: '#000',
          80: '#000',
          90: '#000',
        },
        bg: {
          base: '#000',
          focused: '#000',
          hovered: '#000',
          selected: '#000',
          disabled: '#000',
        },
        fg: {
          base: '#000',
          focused: '#000',
          hovered: '#000',
          selected: '#000',
          disabled: '#000',
        },
        text: '#000',
      },
      warning: {
        color: {
          '00': '#000',
          10: '#000',
          20: '#000',
          30: '#000',
          40: '#000',
          50: '#000',
          60: '#000',
          70: '#000',
          80: '#000',
          90: '#000',
        },
        bg: {
          base: '#000',
          focused: '#000',
          hovered: '#000',
          selected: '#000',
          disabled: '#000',
        },
        fg: {
          base: '#000',
          focused: '#000',
          hovered: '#000',
          selected: '#000',
          disabled: '#000',
        },
        text: '#000',
      },
      negative: {
        color: {
          '00': '#000',
          10: '#000',
          20: '#000',
          30: '#000',
          40: '#000',
          50: '#000',
          60: '#000',
          70: '#000',
          80: '#000',
          90: '#000',
        },
        bg: {
          base: '#000',
          focused: '#000',
          hovered: '#000',
          selected: '#000',
          disabled: '#000',
        },
        fg: {
          base: '#000',
          focused: '#000',
          hovered: '#000',
          selected: '#000',
          disabled: '#000',
        },
        text: '#000',
      },
      positive: {
        color: {
          '00': '#000',
          10: '#000',
          20: '#000',
          30: '#000',
          40: '#000',
          50: '#000',
          60: '#000',
          70: '#000',
          80: '#000',
          90: '#000',
        },
        bg: {
          base: '#000',
          focused: '#000',
          hovered: '#000',
          selected: '#000',
          disabled: '#000',
        },
        fg: {
          base: '#000',
          focused: '#000',
          hovered: '#000',
          selected: '#000',
          disabled: '#000',
        },
        text: '#000',
      },
    },
  },
);
"
`;
