// Jest Snapshot v1, https://goo.gl/fbAQLP

exports[`Format native-ts compiles and writes files 1`] = `
"/* Auto-generated by Aesthetic. Do not modify! */
/* eslint-disable */

import {
	BorderTokens,
	BreakpointTokens,
	DepthTokens,
	HeadingTokens,
	ShadowTokens,
	SpacingTokens,
	TextTokens,
	TypographyToken,
} from '@aesthetic/system';
import { Platform } from 'react-native';

export const border: BorderTokens = {
	sm: {
		radius: 2, // 2px
		width: 0.5, // 0.50px
	},
	df: {
		radius: 3, // 3px
		width: 1, // 1px
	},
	lg: {
		radius: 4.5, // 4.50px
		width: 2, // 2px
	},
};

export const breakpoint: BreakpointTokens = {
	xs: {
		query: '',
		querySize: 640,
		rootLineHeight: 1.33,
		rootTextSize: 14.94,
	},
	sm: {
		query: '',
		querySize: 960,
		rootLineHeight: 1.42,
		rootTextSize: 15.94,
	},
	md: {
		query: '',
		querySize: 1280,
		rootLineHeight: 1.52,
		rootTextSize: 17.01,
	},
	lg: {
		query: '',
		querySize: 1600,
		rootLineHeight: 1.62,
		rootTextSize: 18.15,
	},
	xl: {
		query: '',
		querySize: 1920,
		rootLineHeight: 1.73,
		rootTextSize: 19.36,
	},
};

export const depth: DepthTokens = {
	content: 100,
	navigation: 1000,
	sheet: 1100,
	overlay: 1200,
	modal: 1300,
	toast: 1400,
	dialog: 1500,
	menu: 1600,
	tooltip: 1700,
};

export const heading: HeadingTokens = {
	l1: {
		letterSpacing: 1.05,
		lineHeight: 2.7,
		size: 48.83, // 48.83px
	},
	l2: {
		letterSpacing: 0.79,
		lineHeight: 2.4,
		size: 39.06, // 39.06px
	},
	l3: {
		letterSpacing: 0.59,
		lineHeight: 2.14,
		size: 31.25, // 31.25px
	},
	l4: {
		letterSpacing: 0.44,
		lineHeight: 1.9,
		size: 25, // 25px
	},
	l5: {
		letterSpacing: 0.33,
		lineHeight: 1.69,
		size: 20, // 20px
	},
	l6: {
		letterSpacing: 0.25,
		lineHeight: 1.5,
		size: 16, // 16px
	},
};

export const shadow: ShadowTokens = {
	xs: {
		x: 0, // 0px
		y: 2, // 2px
		blur: 2, // 2px
		spread: 0, // 0px
	},
	sm: {
		x: 0, // 0px
		y: 3.24, // 3.24px
		blur: 3.5, // 3.50px
		spread: 0, // 0px
	},
	md: {
		x: 0, // 0px
		y: 5.24, // 5.24px
		blur: 6.13, // 6.13px
		spread: 0, // 0px
	},
	lg: {
		x: 0, // 0px
		y: 8.47, // 8.47px
		blur: 10.72, // 10.72px
		spread: 0, // 0px
	},
	xl: {
		x: 0, // 0px
		y: 13.71, // 13.71px
		blur: 18.76, // 18.76px
		spread: 0, // 0px
	},
};

export const spacing: SpacingTokens = {
	xs: 4.38, // 4.38px
	sm: 8.75, // 8.75px
	df: 17.5, // 17.50px
	lg: 35, // 35px
	xl: 52.5, // 52.50px
	type: 'vertical-rhythm',
	unit: 17.5,
};

export const text: TextTokens = {
	sm: {
		lineHeight: 1.25,
		size: 12.44, // 12.44px
	},
	df: {
		lineHeight: 1.25,
		size: 14, // 14px
	},
	lg: {
		lineHeight: 1.25,
		size: 15.75, // 15.75px
	},
};

const systemFont = Platform.OS === 'ios' ? 'SF Pro' : 'sans-serif';

const monospaceFont = Platform.OS === 'ios' ? 'Menlo-Regular' : 'monospace';

export const typography: TypographyToken = {
	font: {
		heading: '' || systemFont,
		locale: {},
		monospace: '' || monospaceFont,
		text: '' || systemFont,
		system: '' || systemFont,
	},
	rootLineHeight: 1.25,
	rootTextSize: 14,
};
"
`;

exports[`Format native-ts compiles and writes files 2`] = `
"/* Auto-generated by Aesthetic. Do not modify! */
/* eslint-disable */

import { PaletteToken } from '@aesthetic/system';

// contrast: normal
// scheme: light

export * from '..';

export const brand: PaletteToken = {
	color: {
		'00': '#000',
		'10': '#000',
		'20': '#000',
		'30': '#000',
		'40': '#000',
		'50': '#000',
		'60': '#000',
		'70': '#000',
		'80': '#000',
		'90': '#000',
	},
	bg: {
		base: '#000',
		focused: '#000',
		hovered: '#000',
		selected: '#000',
		disabled: '#000',
	},
	fg: {
		base: '#000',
		focused: '#000',
		hovered: '#000',
		selected: '#000',
		disabled: '#000',
	},
	text: '#000',
};

export const primary: PaletteToken = {
	color: {
		'00': '#000',
		'10': '#000',
		'20': '#000',
		'30': '#000',
		'40': '#000',
		'50': '#000',
		'60': '#000',
		'70': '#000',
		'80': '#000',
		'90': '#000',
	},
	bg: {
		base: '#000',
		focused: '#000',
		hovered: '#000',
		selected: '#000',
		disabled: '#000',
	},
	fg: {
		base: '#000',
		focused: '#000',
		hovered: '#000',
		selected: '#000',
		disabled: '#000',
	},
	text: '#000',
};

export const secondary: PaletteToken = {
	color: {
		'00': '#000',
		'10': '#000',
		'20': '#000',
		'30': '#000',
		'40': '#000',
		'50': '#000',
		'60': '#000',
		'70': '#000',
		'80': '#000',
		'90': '#000',
	},
	bg: {
		base: '#000',
		focused: '#000',
		hovered: '#000',
		selected: '#000',
		disabled: '#000',
	},
	fg: {
		base: '#000',
		focused: '#000',
		hovered: '#000',
		selected: '#000',
		disabled: '#000',
	},
	text: '#000',
};

export const tertiary: PaletteToken = {
	color: {
		'00': '#000',
		'10': '#000',
		'20': '#000',
		'30': '#000',
		'40': '#000',
		'50': '#000',
		'60': '#000',
		'70': '#000',
		'80': '#000',
		'90': '#000',
	},
	bg: {
		base: '#000',
		focused: '#000',
		hovered: '#000',
		selected: '#000',
		disabled: '#000',
	},
	fg: {
		base: '#000',
		focused: '#000',
		hovered: '#000',
		selected: '#000',
		disabled: '#000',
	},
	text: '#000',
};

export const neutral: PaletteToken = {
	color: {
		'00': '#000',
		'10': '#000',
		'20': '#000',
		'30': '#000',
		'40': '#000',
		'50': '#000',
		'60': '#000',
		'70': '#000',
		'80': '#000',
		'90': '#000',
	},
	bg: {
		base: '#000',
		focused: '#000',
		hovered: '#000',
		selected: '#000',
		disabled: '#000',
	},
	fg: {
		base: '#000',
		focused: '#000',
		hovered: '#000',
		selected: '#000',
		disabled: '#000',
	},
	text: '#000',
};

export const muted: PaletteToken = {
	color: {
		'00': '#000',
		'10': '#000',
		'20': '#000',
		'30': '#000',
		'40': '#000',
		'50': '#000',
		'60': '#000',
		'70': '#000',
		'80': '#000',
		'90': '#000',
	},
	bg: {
		base: '#000',
		focused: '#000',
		hovered: '#000',
		selected: '#000',
		disabled: '#000',
	},
	fg: {
		base: '#000',
		focused: '#000',
		hovered: '#000',
		selected: '#000',
		disabled: '#000',
	},
	text: '#000',
};

export const warning: PaletteToken = {
	color: {
		'00': '#000',
		'10': '#000',
		'20': '#000',
		'30': '#000',
		'40': '#000',
		'50': '#000',
		'60': '#000',
		'70': '#000',
		'80': '#000',
		'90': '#000',
	},
	bg: {
		base: '#000',
		focused: '#000',
		hovered: '#000',
		selected: '#000',
		disabled: '#000',
	},
	fg: {
		base: '#000',
		focused: '#000',
		hovered: '#000',
		selected: '#000',
		disabled: '#000',
	},
	text: '#000',
};

export const danger: PaletteToken = {
	color: {
		'00': '#000',
		'10': '#000',
		'20': '#000',
		'30': '#000',
		'40': '#000',
		'50': '#000',
		'60': '#000',
		'70': '#000',
		'80': '#000',
		'90': '#000',
	},
	bg: {
		base: '#000',
		focused: '#000',
		hovered: '#000',
		selected: '#000',
		disabled: '#000',
	},
	fg: {
		base: '#000',
		focused: '#000',
		hovered: '#000',
		selected: '#000',
		disabled: '#000',
	},
	text: '#000',
};

export const negative: PaletteToken = {
	color: {
		'00': '#000',
		'10': '#000',
		'20': '#000',
		'30': '#000',
		'40': '#000',
		'50': '#000',
		'60': '#000',
		'70': '#000',
		'80': '#000',
		'90': '#000',
	},
	bg: {
		base: '#000',
		focused: '#000',
		hovered: '#000',
		selected: '#000',
		disabled: '#000',
	},
	fg: {
		base: '#000',
		focused: '#000',
		hovered: '#000',
		selected: '#000',
		disabled: '#000',
	},
	text: '#000',
};

export const positive: PaletteToken = {
	color: {
		'00': '#000',
		'10': '#000',
		'20': '#000',
		'30': '#000',
		'40': '#000',
		'50': '#000',
		'60': '#000',
		'70': '#000',
		'80': '#000',
		'90': '#000',
	},
	bg: {
		base: '#000',
		focused: '#000',
		hovered: '#000',
		selected: '#000',
		disabled: '#000',
	},
	fg: {
		base: '#000',
		focused: '#000',
		hovered: '#000',
		selected: '#000',
		disabled: '#000',
	},
	text: '#000',
};
"
`;
