// Jest Snapshot v1, https://goo.gl/fbAQLP

exports[`Aesthetic adapters supports Aphrodite 1`] = `"button_17ap0k4"`;

exports[`Aesthetic adapters supports CSS modules 1`] = `"button"`;

exports[`Aesthetic adapters supports Fela 1`] = `"a b c d e f g h i j k l m n o p q r s t u v w x"`;

exports[`Aesthetic adapters supports JSS 1`] = `"button-0-1-1"`;

exports[`Aesthetic adapters supports TypeStyle 1`] = `"f1lp6j3"`;

exports[`Aesthetic adapters supports class names 1`] = `"button"`;

exports[`Aesthetic extendTheme() errors if the parent theme doesnt exist 1`] = `"Theme \\"foo\\" does not exist."`;

exports[`Aesthetic getStyleSheet() errors if no theme 1`] = `"Theme \\"unknown\\" does not exist."`;

exports[`Aesthetic getTheme() errors if the theme doesnt exist 1`] = `"Theme \\"foo\\" does not exist."`;

exports[`Aesthetic getTheme() errors if the theme is not an object 1`] = `"Theme \\"default\\" does not exist."`;

exports[`Aesthetic registerTheme() errors if a theme name has been used 1`] = `"Theme \\"default\\" already exists."`;

exports[`Aesthetic registerTheme() errors if a theme style is not an object 1`] = `"Theme \\"foo\\" must be a style object."`;

exports[`Aesthetic registerTheme() errors if global styles is not an object 1`] = `"Definition for \\"foo\\" must be null or a function."`;

exports[`Aesthetic setStyleSheet() errors if extended styles do not exist 1`] = `"Cannot extend from \\"parent\\" as those styles do not exist."`;

exports[`Aesthetic setStyleSheet() errors if styles are not a function 1`] = `"Definition for \\"foo\\" must be null or a function."`;

exports[`Aesthetic setStyleSheet() errors if styles are not a function 2`] = `"Definition for \\"foo\\" must be null or a function."`;

exports[`Aesthetic setStyleSheet() errors if styles are not a function 3`] = `"Definition for \\"foo\\" must be null or a function."`;

exports[`Aesthetic setStyleSheet() errors if styles are not a function 4`] = `"Definition for \\"foo\\" must be null or a function."`;

exports[`Aesthetic setStyleSheet() errors if styles have been set 1`] = `"Styles have already been defined for \\"foo\\"."`;

exports[`Aesthetic setStyleSheet() errors if styles try to extend from itself 1`] = `"Cannot extend styles from itself."`;

exports[`Aesthetic transformStyles() errors for invalid value 1`] = `"Unsupported style type to transform."`;
