// Jest Snapshot v1, https://goo.gl/fbAQLP

exports[`Aesthetic createComponentStyles() can utilize mixins 1`] = `".a {font-family: inherit;}.b {font-size: inherit;}.c {font-weight: normal;}.d {word-wrap: break-word;}.e {display: flex;}.f {color: var(--palette-brand-text);}"`;

exports[`Aesthetic createThemeStyles() can utilize mixins 1`] = `"@media (min-width: 45.71em) and (max-width: 68.50em) {.cr4yf6a {font-size: var(--breakpoint-xs-root-text-size); line-height: var(--breakpoint-xs-root-line-height);}}@media (min-width: 68.57em) and (max-width: 91.36em) {.cr4yf6a {font-size: var(--breakpoint-sm-root-text-size); line-height: var(--breakpoint-sm-root-line-height);}}@media (min-width: 91.43em) and (max-width: 114.21em) {.cr4yf6a {font-size: var(--breakpoint-md-root-text-size); line-height: var(--breakpoint-md-root-line-height);}}@media (min-width: 114.29em) and (max-width: 137.07em) {.cr4yf6a {font-size: var(--breakpoint-lg-root-text-size); line-height: var(--breakpoint-lg-root-line-height);}}@media (min-width: 137.14em) {.cr4yf6a {font-size: var(--breakpoint-xl-root-text-size); line-height: var(--breakpoint-xl-root-line-height);}}.cr4yf6a {background-color: var(--palette-neutral-bg-base); color: var(--palette-neutral-text); font-family: var(--typography-font-text); font-size: var(--typography-root-text-size); line-height: var(--typography-root-line-height); text-rendering: optimizeLegibility; text-size-adjust: 100%; margin: 0; padding: 0; -webkit-font-smoothing: antialiased; -moz-osx-font-smoothing: grayscale;}"`;
