// Jest Snapshot v1, https://goo.gl/fbAQLP

exports[`LocalSheet re-renders when params change 1`] = `".a {display: block;}.b {background: white;}.c {color: black;}.d {text-align: left;}.e {font-size: 12px;}.f {font-family: \\"Open Sans\\", Roboto;}.g:hover {color: red;}.j:focus {outline: red;}.k {transition: 200ms all;}.l {animation-name: kf1plt5bd;}.m {text-align: right;}"`;

exports[`LocalSheet renders @font-face 1`] = `
"@font-face {font-family: Roboto; font-style: normal; font-weight: normal; src: url('fonts/Roboto.woff2') format('woff2'), url('fonts/Roboto.ttf') format('truetype');}@keyframes kf1plt5bd { 
  from {opacity: 0;} 
  to {opacity: 1;} 
}"
`;

exports[`LocalSheet renders @keyframes 1`] = `
"@font-face {font-family: Roboto; font-style: normal; font-weight: normal; src: url('fonts/Roboto.woff2') format('woff2'), url('fonts/Roboto.ttf') format('truetype');}@keyframes kf1plt5bd { 
  from {opacity: 0;} 
  to {opacity: 1;} 
}"
`;

exports[`LocalSheet renders and returns an object of class names 1`] = `".a {display: block;}.b {background: white;}.c {color: black;}.d {text-align: left;}.e {font-size: 12px;}.f {font-family: \\"Open Sans\\", Roboto;}.g:hover {color: red;}.j:focus {outline: red;}.k {transition: 200ms all;}.l {animation-name: kf1plt5bd;}"`;
