// Jest Snapshot v1, https://goo.gl/fbAQLP

exports[`aesthetic-adapter-typestyle/UnifiedAdapter handles @fallbacks 1`] = `".fxr1ybm{background:red;background:linear-gradient(...);display:box;display:flex-box;display:flex}"`;

exports[`aesthetic-adapter-typestyle/UnifiedAdapter handles @font-face 1`] = `"@font-face{font-family:Roboto;font-style:normal;font-weight:normal;src:local('Robo'), url('fonts/Roboto.woff2') format('woff2'), url('fonts/Roboto.ttf') format('truetype')}.fd14wa4{font-family:Roboto;font-size:20px}"`;

exports[`aesthetic-adapter-typestyle/UnifiedAdapter handles @keyframes 1`] = `"@keyframes f1gwuh0p{from{opacity:0}to{opacity:1}}.f14e9xg1{animation-duration:3s, 1200ms;animation-iteration-count:infinite;animation-name:f1gwuh0p}"`;

exports[`aesthetic-adapter-typestyle/UnifiedAdapter handles @media 1`] = `".fuxmg1k{color:red}@media (min-width: 300px){.fuxmg1k{color:blue}}@media (max-width: 1000px){.fuxmg1k{color:green}}"`;

exports[`aesthetic-adapter-typestyle/UnifiedAdapter handles @supports 1`] = `".f6m6wzj{display:block}@supports (display: flex){.f6m6wzj{display:flex}}@supports not (display: flex){.f6m6wzj{float:left}}"`;

exports[`aesthetic-adapter-typestyle/UnifiedAdapter handles attribute selectors 1`] = `".f14zstro{display:block}.f14zstro[disabled]{opacity:0.5}"`;

exports[`aesthetic-adapter-typestyle/UnifiedAdapter handles descendant selectors 1`] = `".f1qve63s{margin:0;padding:0}.f1qve63s> li{list-style:bullet}"`;

exports[`aesthetic-adapter-typestyle/UnifiedAdapter handles globals 1`] = `"body{margin:0}html{height:100%}a{color:red}a:hover{color:darkred}"`;

exports[`aesthetic-adapter-typestyle/UnifiedAdapter handles multiple @font-face 1`] = `"@font-face{font-family:Circular;font-style:normal;font-weight:normal;src:url('fonts/Circular.woff2') format('woff2')}@font-face{font-family:Circular;font-style:italic;font-weight:normal;src:url('fonts/Circular-Italic.woff2') format('woff2')}@font-face{font-family:Circular;font-style:normal;font-weight:300;src:url('fonts/Circular-Light.woff2') format('woff2')}@font-face{font-family:Circular;font-style:normal;font-weight:700;src:url('fonts/Circular-Bold.woff2') format('woff2')}.fszcu3a{font-family:Circular;font-size:20px}"`;

exports[`aesthetic-adapter-typestyle/UnifiedAdapter handles multiple selectors (comma separated) 1`] = `".fkkhpct{cursor:pointer}.fkkhpct:disabled,.fkkhpct[disabled],.fkkhpct> span{cursor:default}"`;

exports[`aesthetic-adapter-typestyle/UnifiedAdapter handles properties 1`] = `".f1tzsa69{color:black;display:inline;margin:10px}"`;

exports[`aesthetic-adapter-typestyle/UnifiedAdapter handles pseudo selectors 1`] = `".fmow1iy{position:fixed}.fmow1iy:hover{position:static}.fmow1iy::before{position:absolute}"`;
