// Jest Snapshot v1, https://goo.gl/fbAQLP

exports[`Conditions media queries can be nested in @supports 1`] = `".a {padding: 15px;}"`;

exports[`Conditions media queries can be nested in @supports 2`] = `"@supports (display: flex) {@media (max-width: 600px) {.b {padding: 15px;}}}"`;

exports[`Conditions media queries sorts media queries using mobile-first (when using SSR) 1`] = `""`;

exports[`Conditions media queries supports @media conditions 1`] = `".a {background: #000;}.b {padding: 15px;}"`;

exports[`Conditions media queries supports @media conditions 2`] = `"@media (max-width: 600px) {.c {padding: 15px;}}@media screen and (min-width: 900px) {.d {padding: 20px;}}"`;

exports[`Conditions support queries can be nested in @media 1`] = `".a {display: block;}"`;

exports[`Conditions support queries can be nested in @media 2`] = `"@media screen and (min-width: 900px) {@supports (display: flex) {.b {display: flex;}}}"`;

exports[`Conditions support queries supports @supports conditions 1`] = `".a {display: block;}"`;

exports[`Conditions support queries supports @supports conditions 2`] = `"@supports (display: flex) {.b {display: flex;}}"`;
