// Jest Snapshot v1, https://goo.gl/fbAQLP

exports[`Renderer at-rules @font-face renders 1`] = `"@font-face { font-family:\\"Open Sans\\"; font-style:normal; font-weight:800; src:url(\\"fonts/OpenSans-Bold.woff2\\"); }"`;
