// Jest Snapshot v1, https://goo.gl/fbAQLP

exports[`Server can render CSS variables 1`] = `"<style  data-aesthetic-hydrate-index=\\"-1\\" data-aesthetic-rule-count=\\"1\\" data-aesthetic-type=\\"global\\" id=\\"aesthetic-global\\" media=\\"screen\\" type=\\"text/css\\">:root { --root-level:true; }</style><style  data-aesthetic-hydrate-index=\\"1\\" data-aesthetic-rule-count=\\"1\\" data-aesthetic-type=\\"standard\\" id=\\"aesthetic-standard\\" media=\\"screen\\" type=\\"text/css\\">.a { --element-level:123; }.b { --var-level:10px; }</style><style  data-aesthetic-hydrate-index=\\"-1\\" data-aesthetic-rule-count=\\"1\\" data-aesthetic-type=\\"conditions\\" id=\\"aesthetic-conditions\\" media=\\"screen\\" type=\\"text/css\\"></style>"`;

exports[`Server can render media and feature queries 1`] = `"<style  data-aesthetic-hydrate-index=\\"-1\\" data-aesthetic-rule-count=\\"1\\" data-aesthetic-type=\\"global\\" id=\\"aesthetic-global\\" media=\\"screen\\" type=\\"text/css\\"></style><style  data-aesthetic-hydrate-index=\\"-1\\" data-aesthetic-rule-count=\\"1\\" data-aesthetic-type=\\"standard\\" id=\\"aesthetic-standard\\" media=\\"screen\\" type=\\"text/css\\"></style><style  data-aesthetic-hydrate-index=\\"1\\" data-aesthetic-rule-count=\\"1\\" data-aesthetic-type=\\"conditions\\" id=\\"aesthetic-conditions\\" media=\\"screen\\" type=\\"text/css\\">@media (max-width: 1000px) { .a { display:block; } }@supports (display: flex) { .b { display:flex; } }</style>"`;

exports[`Server merges conditionals instead of appending 1`] = `"<style  data-aesthetic-hydrate-index=\\"-1\\" data-aesthetic-rule-count=\\"2\\" data-aesthetic-type=\\"global\\" id=\\"aesthetic-global\\" media=\\"screen\\" type=\\"text/css\\"></style><style  data-aesthetic-hydrate-index=\\"-1\\" data-aesthetic-rule-count=\\"2\\" data-aesthetic-type=\\"standard\\" id=\\"aesthetic-standard\\" media=\\"screen\\" type=\\"text/css\\"></style><style  data-aesthetic-hydrate-index=\\"0\\" data-aesthetic-rule-count=\\"2\\" data-aesthetic-type=\\"conditions\\" id=\\"aesthetic-conditions\\" media=\\"screen\\" type=\\"text/css\\">@media (max-width: 1000px) { .a { display:block; }.b { display:inline-block; }.c { display:flex; } }</style>"`;

exports[`Server sorts media queries using mobile-first 1`] = `"<style  data-aesthetic-hydrate-index=\\"-1\\" data-aesthetic-rule-count=\\"14\\" data-aesthetic-type=\\"global\\" id=\\"aesthetic-global\\" media=\\"screen\\" type=\\"text/css\\"></style><style  data-aesthetic-hydrate-index=\\"-1\\" data-aesthetic-rule-count=\\"14\\" data-aesthetic-type=\\"standard\\" id=\\"aesthetic-standard\\" media=\\"screen\\" type=\\"text/css\\"></style><style  data-aesthetic-hydrate-index=\\"14\\" data-aesthetic-rule-count=\\"14\\" data-aesthetic-type=\\"conditions\\" id=\\"aesthetic-conditions\\" media=\\"screen\\" type=\\"text/css\\">@media screen and (min-width: 320px) and (max-width: 767px) { .b { padding:0; } }@media screen and (min-height: 480px) { .d { padding:0; } }@media screen and (min-height: 480px) and (min-width: 320px) { .e { padding:0; } }@media screen and (min-width: 640px) { .g { padding:0; } }@media screen and (min-width: 1024px) { .a { padding:0; } }@media screen and (min-width: 1280px) { .c { padding:0; } }@media screen and (min-device-width: 320px) and (max-device-width: 767px) { .m { padding:0; } }@media screen and (max-width: 1023px) { .o { padding:0; } }@media screen and (max-height: 767px) and (min-height: 320px) { .k { padding:0; } }@media screen and (max-width: 767px) and (min-width: 320px) { .i { padding:0; } }@media screen and (max-width: 639px) { .n { padding:0; } }@media screen and (orientation: landscape) { .l { padding:0; } }@media screen and (orientation: portrait) { .f { padding:0; } }@media tv { .j { padding:0; } }@media print { .h { padding:0; } }</style>"`;

exports[`Server writes to a temporary style sheet implementation and generates accurate markup 1`] = `"<style  data-aesthetic-hydrate-index=\\"2\\" data-aesthetic-rule-count=\\"22\\" data-aesthetic-type=\\"global\\" id=\\"aesthetic-global\\" media=\\"screen\\" type=\\"text/css\\">:root { --font-size:16px;--bg-color:#fff;--fb-color:black; }@import url(\\"test.css\\");@font-face { font-family:\\"Open Sans\\";font-style:normal;font-weight:800;src:url(\\"fonts/OpenSans-Bold.woff2\\"); }@keyframes kf103rcyx { from { transform:translateX(0%); } to { transform:translateX(100%); }  }</style><style  data-aesthetic-hydrate-index=\\"16\\" data-aesthetic-rule-count=\\"22\\" data-aesthetic-type=\\"standard\\" id=\\"aesthetic-standard\\" media=\\"screen\\" type=\\"text/css\\">.a { margin:0; }.b { padding:6px 12px; }.c { border:1px solid #2e6da4; }.d { border-radius:4px; }.e { display:inline-block; }.f { cursor:pointer; }.g { font-family:Roboto; }.h { font-weight:normal; }.i { line-height:normal; }.j { white-space:nowrap; }.k { text-decoration:none; }.l { text-align:left; }.m { background-color:#337ab7; }.n { vertical-align:middle; }.o { color:rgba(0, 0, 0, 0); }.p { animation-name:fade; }.q { animation-duration:.3s; }</style><style  data-aesthetic-hydrate-index=\\"2\\" data-aesthetic-rule-count=\\"22\\" data-aesthetic-type=\\"conditions\\" id=\\"aesthetic-conditions\\" media=\\"screen\\" type=\\"text/css\\">@media (width: 500px) { .r { margin:10px; }.t:hover { color:red; }.v { margin:5px; } }@supports (color: blue) { @media (width: 500px) and (width: 350px) { .s { color:blue; } } }@supports (color: green) { .u { color:green; }.w { color:black; } }</style>"`;
