// Jest Snapshot v1, https://goo.gl/fbAQLP

exports[`SSR writes to a temporary style sheet implementation and generates accurate markup 1`] = `"<style id=\\"aesthetic-global\\" type=\\"text/css\\" media=\\"screen\\" data-aesthetic-hydrate=\\"true\\">@font-face { font-family:\\"Open Sans\\"; font-style:normal; font-weight:800; src:url(\\"fonts/OpenSans-Bold.woff2\\"); }@keyframes kf103rcyx { from { transform:translateX(0%); } to { transform:translateX(100%); }  }</style><style id=\\"aesthetic-standard\\" type=\\"text/css\\" media=\\"screen\\" data-aesthetic-hydrate=\\"true\\">.a { margin:0 }.b { padding:6px 12px }.c { border:1px solid #2e6da4 }.d { border-radius:4px }.e { display:inline-block }.f { cursor:pointer }.g { font-family:Roboto }.h { font-weight:normal }.i { line-height:normal }.j { white-space:nowrap }.k { text-decoration:none }.l { text-align:left }.m { background-color:#337ab7 }.n { vertical-align:middle }.o { color:rgba(0, 0, 0, 0) }.p { animation-name:fade }.q { animation-duration:.3s }</style><style id=\\"aesthetic-conditions\\" type=\\"text/css\\" media=\\"screen\\" data-aesthetic-hydrate=\\"true\\">@media (width: 500px) { @media (width: 350px) { @supports (color: blue) { .t { color:blue } } } }@media (width: 500px) { .s:hover { color:red } }@media (width: 500px) { .r { margin:10px } }</style>"`;
